Command line invocation:
    /Applications/Xcode.app/Contents/Developer/usr/bin/xcodebuild -project CashWay.xcodeproj -scheme CashWay -destination platform=macOS build

2026-08-23 14:37:56.974 xcodebuild[31691:1256522] [MT] IDERunDestination: Supported platforms for the buildables in the current scheme is empty.
--- xcodebuild: WARNING: Using the first of multiple matching destinations:
{ platform:macOS, arch:arm64, id:00008112-000461620221401E, name:My Mac }
{ platform:macOS, arch:x86_64, id:00008112-000461620221401E, name:My Mac }
ComputePackagePrebuildTargetDependencyGraph

Prepare packages

CreateBuildRequest

SendProjectDescription

CreateBuildOperation

ComputeTargetDependencyGraph
note: Building targets in dependency order
note: Target dependency graph (1 target)
    Target 'CashWay' in project 'CashWay' (no dependencies)

GatherProvisioningInputs

CreateBuildDescription

ExecuteExternalTool /Applications/Xcode.app/Contents/Developer/Toolchains/XcodeDefault.xctoolchain/usr/bin/clang -v -E -dM -isysroot /Applications/Xcode.app/Contents/Developer/Platforms/MacOSX.platform/Developer/SDKs/MacOSX26.5.sdk -x c -c /dev/null

ExecuteExternalTool /Applications/Xcode.app/Contents/Developer/usr/bin/actool --version --output-format xml1

ExecuteExternalTool /Applications/Xcode.app/Contents/Developer/Toolchains/XcodeDefault.xctoolchain/usr/bin/swiftc --version

ExecuteExternalTool /Applications/Xcode.app/Contents/Developer/Toolchains/XcodeDefault.xctoolchain/usr/bin/ld -version_details

Build description signature: c6105f06202d478941e84ca86e2f0d2d
Build description path: /Users/wahyuahmadcahyadi/Library/Developer/Xcode/DerivedData/CashWay-hdlordtwosvbogfbwyrovirmiboa/Build/Intermediates.noindex/XCBuildData/c6105f06202d478941e84ca86e2f0d2d.xcbuilddata
ClangStatCache /Applications/Xcode.app/Contents/Developer/Toolchains/XcodeDefault.xctoolchain/usr/bin/clang-stat-cache /Applications/Xcode.app/Contents/Developer/Platforms/MacOSX.platform/Developer/SDKs/MacOSX26.5.sdk /Users/wahyuahmadcahyadi/Library/Developer/Xcode/DerivedData/SDKStatCaches.noindex/macosx26.5-25F70-e082c4a02f00227109f4ed75e425c832.sdkstatcache
    cd /Users/wahyuahmadcahyadi/Desktop/CASHWAY/CashWay/CashWay.xcodeproj
    /Applications/Xcode.app/Contents/Developer/Toolchains/XcodeDefault.xctoolchain/usr/bin/clang-stat-cache /Applications/Xcode.app/Contents/Developer/Platforms/MacOSX.platform/Developer/SDKs/MacOSX26.5.sdk -o /Users/wahyuahmadcahyadi/Library/Developer/Xcode/DerivedData/SDKStatCaches.noindex/macosx26.5-25F70-e082c4a02f00227109f4ed75e425c832.sdkstatcache

ProcessInfoPlistFile /Users/wahyuahmadcahyadi/Library/Developer/Xcode/DerivedData/CashWay-hdlordtwosvbogfbwyrovirmiboa/Build/Products/Debug/CashWay.app/Contents/Info.plist /Users/wahyuahmadcahyadi/Library/Developer/Xcode/DerivedData/CashWay-hdlordtwosvbogfbwyrovirmiboa/Build/Intermediates.noindex/CashWay.build/Debug/CashWay.build/empty-CashWay.plist (in target 'CashWay' from project 'CashWay')
    cd /Users/wahyuahmadcahyadi/Desktop/CASHWAY/CashWay
    builtin-infoPlistUtility /Users/wahyuahmadcahyadi/Library/Developer/Xcode/DerivedData/CashWay-hdlordtwosvbogfbwyrovirmiboa/Build/Intermediates.noindex/CashWay.build/Debug/CashWay.build/empty-CashWay.plist -producttype com.apple.product-type.application -genpkginfo /Users/wahyuahmadcahyadi/Library/Developer/Xcode/DerivedData/CashWay-hdlordtwosvbogfbwyrovirmiboa/Build/Products/Debug/CashWay.app/Contents/PkgInfo -expandbuildsettings -platform macosx -additionalcontentfile /Users/wahyuahmadcahyadi/Library/Developer/Xcode/DerivedData/CashWay-hdlordtwosvbogfbwyrovirmiboa/Build/Intermediates.noindex/CashWay.build/Debug/CashWay.build/assetcatalog_generated_info.plist -o /Users/wahyuahmadcahyadi/Library/Developer/Xcode/DerivedData/CashWay-hdlordtwosvbogfbwyrovirmiboa/Build/Products/Debug/CashWay.app/Contents/Info.plist

CopySwiftLibs /Users/wahyuahmadcahyadi/Library/Developer/Xcode/DerivedData/CashWay-hdlordtwosvbogfbwyrovirmiboa/Build/Products/Debug/CashWay.app (in target 'CashWay' from project 'CashWay')
    cd /Users/wahyuahmadcahyadi/Desktop/CASHWAY/CashWay
    builtin-swiftStdLibTool --copy --verbose --sign 925EFF2C7DE20170BE32E8EDECDF1850F1348C38 --scan-executable /Users/wahyuahmadcahyadi/Library/Developer/Xcode/DerivedData/CashWay-hdlordtwosvbogfbwyrovirmiboa/Build/Products/Debug/CashWay.app/Contents/MacOS/CashWay.debug.dylib --scan-folder /Users/wahyuahmadcahyadi/Library/Developer/Xcode/DerivedData/CashWay-hdlordtwosvbogfbwyrovirmiboa/Build/Products/Debug/CashWay.app/Contents/Frameworks --scan-folder /Users/wahyuahmadcahyadi/Library/Developer/Xcode/DerivedData/CashWay-hdlordtwosvbogfbwyrovirmiboa/Build/Products/Debug/CashWay.app/Contents/PlugIns --scan-folder /Users/wahyuahmadcahyadi/Library/Developer/Xcode/DerivedData/CashWay-hdlordtwosvbogfbwyrovirmiboa/Build/Products/Debug/CashWay.app/Contents/Library/SystemExtensions --scan-folder /Users/wahyuahmadcahyadi/Library/Developer/Xcode/DerivedData/CashWay-hdlordtwosvbogfbwyrovirmiboa/Build/Products/Debug/CashWay.app/Contents/Extensions --platform macosx --toolchain /Applications/Xcode.app/Contents/Developer/Toolchains/XcodeDefault.xctoolchain --destination /Users/wahyuahmadcahyadi/Library/Developer/Xcode/DerivedData/CashWay-hdlordtwosvbogfbwyrovirmiboa/Build/Products/Debug/CashWay.app/Contents/Frameworks --strip-bitcode --strip-bitcode-tool /Applications/Xcode.app/Contents/Developer/Toolchains/XcodeDefault.xctoolchain/usr/bin/bitcode_strip --emit-dependency-info /Users/wahyuahmadcahyadi/Library/Developer/Xcode/DerivedData/CashWay-hdlordtwosvbogfbwyrovirmiboa/Build/Intermediates.noindex/CashWay.build/Debug/CashWay.build/SwiftStdLibToolInputDependencies.dep --filter-for-swift-os

** BUILD SUCCEEDED **

